GDSNumber!Layer!Color
2!NWELL!{rgb:red,255;green,255;blue,0}
3!DIFF!{rgb:red,0;green,255;blue,0}
4!MV!{rgb:red,255;green,128;blue,0}
7!PIMP!{rgb:red,94;green,0;blue,230}
8!NIMP!{rgb:red,255;green,127;blue,153}
10!PWELL!{rgb:red,94;green,0;blue,230}
13!POLY1!{rgb:red,255;green,0;blue,0}
15!CONT!{rgb:red,0;green,0;blue,255}
16!MET1!{rgb:red,217;green,0;blue,255}
17!VIA1!{rgb:red,255;green,255;blue,255}
18!MET2!{rgb:red,217;green,204;blue,0}
19!PAD!{rgb:red,255;green,255;blue,204}
27!VIA2!{rgb:red,255;green,0;blue,0}
28!MET3!{rgb:red,0;green,255;blue,255}
29!VIA3!{rgb:red,217;green,230;blue,255}
31!MET4!{rgb:red,255;green,204;blue,204}
33!METTP!{rgb:red,129;green,179;blue,255}
51!VIATP!{rgb:red,255;green,0;blue,255}
34!SBLK!{rgb:red,0;green,255;blue,0}
37!CAPM2!{rgb:red,217;green,204;blue,128}
38!CAPM3!{rgb:red,217;green,204;blue,128}
47!CAPM!{rgb:red,217;green,204;blue,128}
68!DNWELL!{rgb:red,255;green,255;blue,0}
85!HVGOX!{rgb:red,163;green,120;blue,240}
86!HVPWELL!{rgb:red,0;green,0;blue,255}
87!HVNWELL!{rgb:red,255;green,191;blue,242}
89!PDD!{rgb:red,0;green,204;blue,102}
95!ISOPW!{rgb:red,204;green,255;blue,204}
