GDSNumber!Layer!Color
1!DNW!{rgb:red,255;green,128;blue,0} 
3!NW!{rgb:red,255;green,128;blue,0}
180!NWpin!{rgb:red,255;green,128;blue,0}  
6!OD!{rgb:red,0;green,255;blue,0}
18!OD_25!{rgb:red,255;green,0;blue,255}
16!OD_18!{rgb:red,255;green,0;blue,255} 
27!OD1T!{rgb:red,255;green,0;blue,255}  
11!NT_N!{rgb:red,38;green,140;blue,107} 
12!VTL_N!{rgb:red,0;green,204;blue,102} 
13!VTL_P!{rgb:red,0;green,0;blue,255} 
67!VTH_N!{rgb:red,217;green,255;blue,0} 
68!VTH_P!{rgb:red,255;green,191;blue,242} 
17!PO!{rgb:red,255;green,0;blue,0}
149!POpin!{rgb:red,255;green,0;blue,0}
26!NP!{rgb:red,217;green,204;blue,0}  
25!PP!{rgb:red,255;green,191;blue,242} 
29!RPO!{rgb:red,94;green,0;blue,230} 
30!CO!{rgb:red,255;green,255;blue,0}
45!COpin!{rgb:red,255;green,255;blue,0}  
31!M1!{rgb:red,94;green,0;blue,230}
131!M1pin!{rgb:red,94;green,0;blue,230} 
51!VIA1!{rgb:red,255;green,128;blue,0}  
32!M2!{rgb:red,0;green,255;blue,255}
132!M2pin!{rgb:red,0;green,255;blue,255}
52!VIA2!{rgb:red,217;green,230;blue,255}  
33!M3!{rgb:red,255;green,191;blue,242} 
133!M3pin!{rgb:red,255;green,191;blue,242}
53!VIA3!{rgb:red,255;green,255;blue,204} 
34!M4!{rgb:red,0;green,255;blue,0}
134!M4pin!{rgb:red,0;green,255;blue,0} 
54!VIA4!{rgb:red,94;green,0;blue,230} 
35!M5!{rgb:red,217;green,204;blue,0}
135!M5pin!{rgb:red,217;green,204;blue,0}
88!BOTMIM!{rgb:red,217;green,230;blue,255} 
77!MKTOPMIM!{rgb:red,0;green,255;blue,255}  
55!VIA5!{rgb:red,0;green,204;blue,102}  
36!M6!{rgb:red,255;green,128;blue,0}
136!M6pin!{rgb:red,255;green,128;blue,0}
56!VIA6!{rgb:red,0;green,255;blue,255}  
37!M7!{rgb:red,152;green,154;blue,215}
137!M7pin!{rgb:red,152;green,154;blue,215} 
57!VIA7U!{rgb:red,128;green,38;blue,38} 
38!M8U!{rgb:red,153;green,0;blue,230}
138!M8Upin!{rgb:red,53;green,0;blue,230}  
76!CB!{rgb:red,255;green,255;blue,255} 
74!AP!{rgb:red,170;green,230;blue,170} 
86!CB2!{rgb:red,255;green,0;blue,255} 
50!SRM!{rgb:red,255;green,0;blue,0} 
70!HRI!{rgb:red,0;green,204;blue,102} 
89!SOISUB!{rgb:red,255;green,128;blue,0} 
90!DCO!{rgb:red,217;green,230;blue,255} 
107!overlap!{rgb:red,255;green,255;blue,255} 
108!prBoundary!{rgb:red,0;green,255;blue,255} 
109!LMARK!{rgb:red,255;green,0;blue,255} 
127!text!{rgb:red,0;green,0;blue,0} 
156!POFUSE!{rgb:red,255;green,128;blue,0} 
